<?php return array (
  0 => 'Symfony\\Bundle\\FrameworkBundle\\Controller\\AbstractController',
  1 => 'App\\Controller\\Admin\\DashboardController',
  2 => 'App\\Controller\\Admin\\PersoCrudController',
  3 => 'App\\Controller\\Admin\\ThemeCrudController',
  4 => 'App\\Controller\\Admin\\UserCrudController',
  5 => 'App\\Controller\\HomeController',
  6 => 'App\\Controller\\LoginController',
  7 => 'App\\Controller\\MemoryController',
  8 => 'App\\Controller\\RegisterController',
  9 => 'App\\Entity\\Perso',
  10 => 'App\\Entity\\Theme',
  11 => 'App\\Entity\\User',
  12 => 'Doctrine\\Bundle\\DoctrineBundle\\Controller\\ProfilerController',
  13 => 'Doctrine\\ORM\\Cache\\Persister\\Entity\\AbstractEntityPersister',
  14 => 'Doctrine\\ORM\\Cache\\Persister\\Entity\\CachedEntityPersister',
  15 => 'Doctrine\\ORM\\Cache\\Persister\\Entity\\NonStrictReadWriteCachedEntityPersister',
  16 => 'Doctrine\\ORM\\Cache\\Persister\\Entity\\ReadOnlyCachedEntityPersister',
  17 => 'Doctrine\\ORM\\Cache\\Persister\\Entity\\ReadWriteCachedEntityPersister',
  18 => 'Doctrine\\ORM\\Persisters\\Entity\\AbstractEntityInheritancePersister',
  19 => 'Doctrine\\ORM\\Persisters\\Entity\\BasicEntityPersister',
  20 => 'Doctrine\\ORM\\Persisters\\Entity\\CachedPersisterContext',
  21 => 'Doctrine\\ORM\\Persisters\\Entity\\EntityPersister',
  22 => 'Doctrine\\ORM\\Persisters\\Entity\\JoinedSubclassPersister',
  23 => 'Doctrine\\ORM\\Persisters\\Entity\\SingleTablePersister',
  24 => 'EasyCorp\\Bundle\\EasyAdminBundle\\Contracts\\Controller\\CrudControllerInterface',
  25 => 'EasyCorp\\Bundle\\EasyAdminBundle\\Contracts\\Controller\\DashboardControllerInterface',
  26 => 'EasyCorp\\Bundle\\EasyAdminBundle\\Controller\\AbstractCrudController',
  27 => 'EasyCorp\\Bundle\\EasyAdminBundle\\Controller\\AbstractDashboardController',
  28 => 'EasyCorp\\Bundle\\EasyAdminBundle\\Controller\\EasyAdminController',
  30 => 'Symfony\\Bundle\\FrameworkBundle\\Controller\\ControllerResolver',
  31 => 'Symfony\\Bundle\\FrameworkBundle\\Controller\\RedirectController',
  32 => 'Symfony\\Bundle\\FrameworkBundle\\Controller\\TemplateController',
  33 => 'Symfony\\Bundle\\WebProfilerBundle\\Controller\\ExceptionPanelController',
  34 => 'Symfony\\Bundle\\WebProfilerBundle\\Controller\\ProfilerController',
  35 => 'Symfony\\Bundle\\WebProfilerBundle\\Controller\\RouterController',
  36 => 'Symfony\\Component\\HttpKernel\\Controller\\ArgumentResolver',
  37 => 'Symfony\\Component\\HttpKernel\\Controller\\ArgumentResolverInterface',
  38 => 'Symfony\\Component\\HttpKernel\\Controller\\ArgumentResolver\\DefaultValueResolver',
  39 => 'Symfony\\Component\\HttpKernel\\Controller\\ArgumentResolver\\NotTaggedControllerValueResolver',
  40 => 'Symfony\\Component\\HttpKernel\\Controller\\ArgumentResolver\\RequestAttributeValueResolver',
  41 => 'Symfony\\Component\\HttpKernel\\Controller\\ArgumentResolver\\RequestValueResolver',
  42 => 'Symfony\\Component\\HttpKernel\\Controller\\ArgumentResolver\\ServiceValueResolver',
  43 => 'Symfony\\Component\\HttpKernel\\Controller\\ArgumentResolver\\SessionValueResolver',
  44 => 'Symfony\\Component\\HttpKernel\\Controller\\ArgumentResolver\\TraceableValueResolver',
  45 => 'Symfony\\Component\\HttpKernel\\Controller\\ArgumentResolver\\VariadicValueResolver',
  46 => 'Symfony\\Component\\HttpKernel\\Controller\\ArgumentValueResolverInterface',
  47 => 'Symfony\\Component\\HttpKernel\\Controller\\ContainerControllerResolver',
  48 => 'Symfony\\Component\\HttpKernel\\Controller\\ControllerReference',
  49 => 'Symfony\\Component\\HttpKernel\\Controller\\ControllerResolver',
  50 => 'Symfony\\Component\\HttpKernel\\Controller\\ControllerResolverInterface',
  51 => 'Symfony\\Component\\HttpKernel\\Controller\\ErrorController',
  52 => 'Symfony\\Component\\HttpKernel\\Controller\\TraceableArgumentResolver',
  53 => 'Symfony\\Component\\HttpKernel\\Controller\\TraceableControllerResolver',
  54 => 'Symfony\\Component\\Security\\Http\\Controller\\UserValueResolver',
  55 => 'Vich\\UploaderBundle\\Entity\\File',
);